Comparing output of exs_beam1.py--- PASSED!
Comparing output of exs_beam2.py--- PASSED!
